2026-06-17 20:52:59.994 Uvicorn server started on 0.0.0.0:8501

  You can now view your Streamlit app in your browser.

  Local URL: http://localhost:8501
  Network URL: http://192.168.31.33:8501
  External URL: http://152.59.98.88:8501

Using CPU. Note: This module is much faster with a GPU.
C:\Users\Jaanhvi Dahibaokar\AppData\Local\Python\pythoncore-3.14-64\Lib\site-packages\torch\utils\data\dataloader.py:775: UserWarning: 'pin_memory' argument is set as true but no accelerator is found, then device pinned memory won't be used.
  super().__init__(loader)
C:\Users\Jaanhvi Dahibaokar\AppData\Local\Python\pythoncore-3.14-64\Lib\site-packages\torch\utils\data\dataloader.py:775: UserWarning: 'pin_memory' argument is set as true but no accelerator is found, then device pinned memory won't be used.
  super().__init__(loader)
C:\Users\Jaanhvi Dahibaokar\AppData\Local\Python\pythoncore-3.14-64\Lib\site-packages\torch\utils\data\dataloader.py:775: UserWarning: 'pin_memory' argument is set as true but no accelerator is found, then device pinned memory won't be used.
  super().__init__(loader)
C:\Users\Jaanhvi Dahibaokar\AppData\Local\Python\pythoncore-3.14-64\Lib\site-packages\torch\utils\data\dataloader.py:775: UserWarning: 'pin_memory' argument is set as true but no accelerator is found, then device pinned memory won't be used.
  super().__init__(loader)
C:\Users\Jaanhvi Dahibaokar\AppData\Local\Python\pythoncore-3.14-64\Lib\site-packages\torch\utils\data\dataloader.py:775: UserWarning: 'pin_memory' argument is set as true but no accelerator is found, then device pinned memory won't be used.
  super().__init__(loader)
C:\Users\Jaanhvi Dahibaokar\AppData\Local\Python\pythoncore-3.14-64\Lib\site-packages\torch\utils\data\dataloader.py:775: UserWarning: 'pin_memory' argument is set as true but no accelerator is found, then device pinned memory won't be used.
  super().__init__(loader)
C:\Users\Jaanhvi Dahibaokar\AppData\Local\Python\pythoncore-3.14-64\Lib\site-packages\torch\utils\data\dataloader.py:775: UserWarning: 'pin_memory' argument is set as true but no accelerator is found, then device pinned memory won't be used.
  super().__init__(loader)
C:\Users\Jaanhvi Dahibaokar\AppData\Local\Python\pythoncore-3.14-64\Lib\site-packages\torch\utils\data\dataloader.py:775: UserWarning: 'pin_memory' argument is set as true but no accelerator is found, then device pinned memory won't be used.
  super().__init__(loader)
C:\Users\Jaanhvi Dahibaokar\AppData\Local\Python\pythoncore-3.14-64\Lib\site-packages\torch\utils\data\dataloader.py:775: UserWarning: 'pin_memory' argument is set as true but no accelerator is found, then device pinned memory won't be used.
  super().__init__(loader)
============================================================
Helmet model loaded
Path : yolov8_models/helmet.pt
Classes : {0: 'helmet', 1: 'no-helmet'}
============================================================
WARNING GMC failed, falling back to identity: OpenCV(4.10.0) D:\a\opencv-python\opencv-python\opencv\modules\video\src\lkpyramid.cpp:1394: error: (-215:Assertion failed) prevPyr[level * lvlStep1].size() == nextPyr[level * lvlStep2].size() in function 'cv::`anonymous-namespace'::SparsePyrLKOpticalFlowImpl::calc'

C:\Users\Jaanhvi Dahibaokar\AppData\Local\Python\pythoncore-3.14-64\Lib\site-packages\torch\utils\data\dataloader.py:775: UserWarning: 'pin_memory' argument is set as true but no accelerator is found, then device pinned memory won't be used.
  super().__init__(loader)
WARNING GMC failed, falling back to identity: OpenCV(4.10.0) D:\a\opencv-python\opencv-python\opencv\modules\video\src\lkpyramid.cpp:1394: error: (-215:Assertion failed) prevPyr[level * lvlStep1].size() == nextPyr[level * lvlStep2].size() in function 'cv::`anonymous-namespace'::SparsePyrLKOpticalFlowImpl::calc'

C:\Users\Jaanhvi Dahibaokar\AppData\Local\Python\pythoncore-3.14-64\Lib\site-packages\torch\utils\data\dataloader.py:775: UserWarning: 'pin_memory' argument is set as true but no accelerator is found, then device pinned memory won't be used.
  super().__init__(loader)
WARNING GMC failed, falling back to identity: OpenCV(4.10.0) D:\a\opencv-python\opencv-python\opencv\modules\video\src\lkpyramid.cpp:1394: error: (-215:Assertion failed) prevPyr[level * lvlStep1].size() == nextPyr[level * lvlStep2].size() in function 'cv::`anonymous-namespace'::SparsePyrLKOpticalFlowImpl::calc'

C:\Users\Jaanhvi Dahibaokar\AppData\Local\Python\pythoncore-3.14-64\Lib\site-packages\torch\utils\data\dataloader.py:775: UserWarning: 'pin_memory' argument is set as true but no accelerator is found, then device pinned memory won't be used.
  super().__init__(loader)
WARNING GMC failed, falling back to identity: OpenCV(4.10.0) D:\a\opencv-python\opencv-python\opencv\modules\video\src\lkpyramid.cpp:1394: error: (-215:Assertion failed) prevPyr[level * lvlStep1].size() == nextPyr[level * lvlStep2].size() in function 'cv::`anonymous-namespace'::SparsePyrLKOpticalFlowImpl::calc'

WARNING GMC failed, falling back to identity: OpenCV(4.10.0) D:\a\opencv-python\opencv-python\opencv\modules\video\src\lkpyramid.cpp:1394: error: (-215:Assertion failed) prevPyr[level * lvlStep1].size() == nextPyr[level * lvlStep2].size() in function 'cv::`anonymous-namespace'::SparsePyrLKOpticalFlowImpl::calc'

WARNING GMC failed, falling back to identity: OpenCV(4.10.0) D:\a\opencv-python\opencv-python\opencv\modules\video\src\lkpyramid.cpp:1394: error: (-215:Assertion failed) prevPyr[level * lvlStep1].size() == nextPyr[level * lvlStep2].size() in function 'cv::`anonymous-namespace'::SparsePyrLKOpticalFlowImpl::calc'

WARNING GMC failed, falling back to identity: OpenCV(4.10.0) D:\a\opencv-python\opencv-python\opencv\modules\video\src\lkpyramid.cpp:1394: error: (-215:Assertion failed) prevPyr[level * lvlStep1].size() == nextPyr[level * lvlStep2].size() in function 'cv::`anonymous-namespace'::SparsePyrLKOpticalFlowImpl::calc'

WARNING GMC failed, falling back to identity: OpenCV(4.10.0) D:\a\opencv-python\opencv-python\opencv\modules\video\src\lkpyramid.cpp:1394: error: (-215:Assertion failed) prevPyr[level * lvlStep1].size() == nextPyr[level * lvlStep2].size() in function 'cv::`anonymous-namespace'::SparsePyrLKOpticalFlowImpl::calc'

WARNING GMC failed, falling back to identity: OpenCV(4.10.0) D:\a\opencv-python\opencv-python\opencv\modules\video\src\lkpyramid.cpp:1394: error: (-215:Assertion failed) prevPyr[level * lvlStep1].size() == nextPyr[level * lvlStep2].size() in function 'cv::`anonymous-namespace'::SparsePyrLKOpticalFlowImpl::calc'

